******************************************************************************
                  TI ARM Linker PC v18.1.3                     
******************************************************************************
>> Linked Fri May 17 10:29:34 2019

OUTPUT FILE NAME:   <WEBSERVER_SDCARD.out>
ENTRY POINT SYMBOL: "_c_int00_noargs"  address: 0000ed5d


MEMORY CONFIGURATION

         name            origin    length      used     unused   attr    fill
----------------------  --------  ---------  --------  --------  ----  --------
  FLASH                 00000000   00100000  00010e9a  000ef166  R  X
  SRAM                  20000000   00040000  000187c6  0002783a  RW X


SEGMENT ALLOCATION MAP

run origin  load origin   length   init length attrs members
----------  ----------- ---------- ----------- ----- -------
00000000    00000000    00010ea0   00010ea0    r-x
  00000000    00000000    00000200   00000200    r-- .intvecs
  00000200    00000200    0000fcae   0000fcae    r-x .text
  0000feb0    0000feb0    00000f8c   00000f8c    r-- .const
  00010e40    00010e40    00000060   00000060    r-- .cinit
20000000    20000000    000187cb   00000000    rw-
  20000000    20000000    00017f53   00000000    rw- .bss
  20017f58    20017f58    00000800   00000000    rw- .stack
  20018758    20018758    00000073   00000000    rw- .data


SECTION ALLOCATION MAP

 output                                  attributes/
section   page    origin      length       input sections
--------  ----  ----------  ----------   ----------------
.intvecs   0    00000000    00000200     
                  00000000    00000200     startup_ccs.obj (.intvecs)

.text      0    00000200    0000fcae     
                  00000200    00000bc4     lwiplib.obj (.text:tcp_receive)
                  00000dc4    0000060c     lwiplib.obj (.text:tcp_process)
                  000013d0    00000580     lwiplib.obj (.text:tcp_input)
                  00001950    0000051c     CFAF128128B0145T.obj (.text:CFAF128128B0145T_text)
                  00001e6c    000004d8     ff.obj (.text:chk_mounted)
                  00002344    00000494     lwiplib.obj (.text:tcp_write)
                  000027d8    00000448     lwiplib.obj (.text:tcp_slowtmr)
                  00002c20    000003f0     lwiplib.obj (.text:dhcp_parse_reply)
                  00003010    0000036c     ff.obj (.text:create_name)
                  0000337c    00000310     CFAF128128B0145T.obj (.text:CFAF128128B0145T_init)
                  0000368c    0000030c     uartstdio.obj (.text:UARTvprintf)
                  00003998    000002b8     httpd.obj (.text:http_send_data)
                  00003c50    00000298     lwiplib.obj (.text:udp_input)
                  00003ee8    00000290     lwiplib.obj (.text:ip_input)
                  00004178    00000288     lwiplib.obj (.text:tivaif_receive)
                  00004400    0000026c     pinout.obj (.text:PinoutSet)
                  0000466c    00000254     ff.obj (.text:f_read)
                  000048c0    00000244     lwiplib.obj (.text:tcp_output)
                  00004b04    0000023c     lwiplib.obj (.text:tcp_close_shutdown)
                  00004d40    00000228     lwiplib.obj (.text:etharp_find_entry)
                  00004f68    00000218     ff.obj (.text:f_open)
                  00005180    0000020e     lwiplib.obj (.text:pbuf_alloc)
                  0000538e    00000002     startup_ccs.obj (.text:FaultISR)
                  00005390    00000208     mmc-ek-tm4c1294xl.obj (.text:disk_ioctl)
                  00005598    00000200     driverlib.lib : sysctl.obj (.text:SysCtlClockFreqSet)
                  00005798    000001fc     lwiplib.obj (.text:dhcp_create_msg)
                  00005994    000001f4     enet_lwip.obj (.text:main)
                  00005b88    000001e4     lwiplib.obj (.text:icmp_input)
                  00005d6c    000001d4     ff.obj (.text:dir_register)
                  00005f40    000001c4     lwiplib.obj (.text:etharp_query)
                  00006104    000001c0     lwiplib.obj (.text:etharp_arp_input)
                  000062c4    000001be     ff.obj (.text:put_fat)
                  00006482    00000002     startup_ccs.obj (.text:IntDefaultHandler)
                  00006484    000001b8     lwiplib.obj (.text:tivaif_transmit)
                  0000663c    000001b0     lwiplib.obj (.text:InitDMADescriptors)
                  000067ec    000001ac     mmc-ek-tm4c1294xl.obj (.text:disk_initialize)
                  00006998    000001a8     lwiplib.obj (.text:etharp_output)
                  00006b40    0000019c     lwiplib.obj (.text:mem_trim)
                  00006cdc    00000198     CFAF128128B0145T.obj (.text:CFAF128128B0145T_line)
                  00006e74    00000188     lwiplib.obj (.text:mem_malloc)
                  00006ffc    00000180     ff.obj (.text:dir_next)
                  0000717c    00000178     lwiplib.obj (.text:tcp_enqueue_flags)
                  000072f4    00000170     lwiplib.obj (.text:tcp_listen_input)
                  00007464    0000015c     CFAF128128B0145T.obj (.text:CFAF128128B0145T__fastFill)
                  000075c0    0000015c     lwiplib.obj (.text:autoip_tmr)
                  0000771c    0000015c     httpd.obj (.text:get_http_headers)
                  00007878    00000154     ff.obj (.text:dir_find)
                  000079cc    0000014e     lwiplib.obj (.text:dhcp_bind)
                  00007b1a    00000002     startup_ccs.obj (.text:NmiSR)
                  00007b1c    00000138     webserv_appl_fcns.obj (.text:WriteDisplay)
                  00007c54    00000138     lwiplib.obj (.text:dhcp_recv)
                  00007d8c    00000138     enet_fs.obj (.text:fs_open)
                  00007ec4    00000134     enet_lwip.obj (.text:DisplayIPnMACAddress)
                  00007ff8    00000132     driverlib.lib : gpio.obj (.text:GPIOPadConfigSet)
                  0000812a    00000002     lwiplib.obj (.text:netif_init)
                  0000812c    0000012c     lwiplib.obj (.text:tcp_output_segment)
                  00008258    00000128     I2C_LightSens.obj (.text:OPT3001ReadData)
                  00008380    00000128     mmc-ek-tm4c1294xl.obj (.text:power_on)
                  000084a8    00000128     lwiplib.obj (.text:tcp_alloc)
                  000085d0    00000124     ff.obj (.text:get_fat)
                  000086f4    0000011c     lwiplib.obj (.text:pbuf_copy)
                  00008810    00000118     lwiplib.obj (.text:udp_sendto_if)
                  00008928    00000114     lwiplib.obj (.text:dhcp_select)
                  00008a3c    00000110     ff.obj (.text:sync_fs)
                  00008b4c    00000108     CFAF128128B0145T.obj (.text:CFAF128128B0145T__setWindow)
                  00008c54    00000108     lwiplib.obj (.text:dhcp_discover)
                  00008d5c    00000108     lwiplib.obj (.text:tcp_listen_with_backlog)
                  00008e64    00000104     ff.obj (.text:create_chain)
                  00008f68    00000104     lwiplib.obj (.text:etharp_raw)
                  0000906c    00000104     lwiplib.obj (.text:memp_init)
                  00009170    00000104     lwiplib.obj (.text:tcp_parseopt)
                  00009274    000000fe     ff.obj (.text:dir_sdi)
                  00009372    00000002     rtsv7M4_T_le_v4SPD16_eabi.lib : div0.asm.obj (.text)
                  00009374    000000fe     httpd.obj (.text:http_parse_request)
                  00009472    00000002     lwiplib.obj (.text:stats_init)
                  00009474    000000fc     lwiplib.obj (.text:dhcp_start)
                  00009570    000000fc     lwiplib.obj (.text:etharp_update_arp_entry)
                  0000966c    000000fc     lwiplib.obj (.text:ethernet_input)
                  00009768    000000fc     ff.obj (.text:f_sync)
                  00009864    000000fc     rtsv7M4_T_le_v4SPD16_eabi.lib : fd_mul_t2.asm.obj (.text)
                  00009960    000000f0     lwiplib.obj (.text:lwIPInit)
                  00009a50    000000ec     lwiplib.obj (.text:ip_output_if)
                  00009b3c    000000e8     lwiplib.obj (.text:dhcp_release)
                  00009c24    000000e8     ff.obj (.text:gen_numname)
                  00009d0c    000000e8     lwiplib.obj (.text:pbuf_copy_partial)
                  00009df4    000000e8     lwiplib.obj (.text:tcp_create_segment)
                  00009edc    000000e4     mmc-ek-tm4c1294xl.obj (.text:disk_write)
                  00009fc0    000000e4     lwiplib.obj (.text:lwIPServiceTimers)
                  0000a0a4    000000dc     lwiplib.obj (.text:pbuf_header)
                  0000a180    000000dc     lwiplib.obj (.text:tcp_bind)
                  0000a25c    000000dc     lwiplib.obj (.text:tivaif_hwinit)
                  0000a338    000000d8     lwiplib.obj (.text:tcp_zero_window_probe)
                  0000a410    000000d4     locator.obj (.text:LocatorReceive)
                  0000a4e4    000000d4     lwiplib.obj (.text:sys_timeout)
                  0000a5b8    000000d0     lwiplib.obj (.text:dhcp_reboot)
                  0000a688    000000cc     ff.obj (.text:fit_lfn)
                  0000a754    000000c8     I2C_LightSens.obj (.text:InitOPT3001)
                  0000a81c    000000c4     enet_lwip.obj (.text:lwIPHostTimerHandler)
                  0000a8e0    000000c0     lwiplib.obj (.text:etharp_tmr)
                  0000a9a0    000000c0     ff.obj (.text:follow_path)
                  0000aa60    000000c0     lwiplib.obj (.text:netif_set_ipaddr)
                  0000ab20    000000c0     lwiplib.obj (.text:udp_bind)
                  0000abe0    000000be     lwiplib.obj (.text:dhcp_timeout)
                  0000ac9e    000000be     httpd.obj (.text:http_recv)
                  0000ad5c    000000bc     lwiplib.obj (.text:dhcp_handle_ack)
                  0000ae18    000000bc     lwiplib.obj (.text:tcp_abandon)
                  0000aed4    000000bc     lwiplib.obj (.text:tcp_process_refused_data)
                  0000af90    000000b8     ff.obj (.text:cmp_lfn)
                  0000b048    000000b6     lwiplib.obj (.text:pbuf_realloc)
                  0000b0fe    00000002     lwiplib.obj (.text:tcp_init)
                  0000b100    000000b4     I2C_LightSens.obj (.text:OPT3001CheckConv)
                  0000b1b4    000000b4     lwiplib.obj (.text:dhcp_rebind)
                  0000b268    000000b4     mmc-ek-tm4c1294xl.obj (.text:disk_read)
                  0000b31c    000000b4     lwiplib.obj (.text:raw_input)
                  0000b3d0    000000b4     lwiplib.obj (.text:tcp_oos_insert_segment)
                  0000b484    000000b2     lwiplib.obj (.text:dhcp_renew)
                  0000b536    000000b2     lwiplib.obj (.text:lwip_standard_chksum)
                  0000b5e8    000000b0     lwiplib.obj (.text:tcp_timewait_input)
                  0000b698    000000ad     httpd.obj (.text:http_init_file)
                  0000b745    00000001     --HOLE-- [fill = 0]
                  0000b746    000000ac     lwiplib.obj (.text:autoip_arp_reply)
                  0000b7f2    00000002     lwiplib.obj (.text:udp_init)
                  0000b7f4    000000ac     lwiplib.obj (.text:dhcp_decline)
                  0000b8a0    000000ac     lwiplib.obj (.text:plug_holes)
                  0000b94c    000000ac     lwiplib.obj (.text:tcp_output_alloc_header)
                  0000b9f8    000000a8     ff.obj (.text:check_fs)
                  0000baa0    000000a8     lwiplib.obj (.text:lwIPLinkDetect)
                  0000bb48    000000a8     lwiplib.obj (.text:memp_malloc)
                  0000bbf0    000000a8     lwiplib.obj (.text:pbuf_free)
                  0000bc98    000000a8     lwiplib.obj (.text:tcp_write_checks)
                  0000bd40    000000a8     lwiplib.obj (.text:tivaif_process_transmit)
                  0000bde8    000000a6     lwiplib.obj (.text:tcp_pbuf_prealloc)
                  0000be8e    00000002     --HOLE-- [fill = 0]
                  0000be90    000000a0     locator.obj (.text:LocatorInit)
                  0000bf30    000000a0     httpd.obj (.text:http_find_file)
                  0000bfd0    000000a0     lwiplib.obj (.text:icmp_send_response)
                  0000c070    000000a0     lwiplib.obj (.text:inet_chksum_pbuf)
                  0000c110    000000a0     lwiplib.obj (.text:tcp_pcb_remove)
                  0000c1b0    000000a0     lwiplib.obj (.text:tivaif_process_phy_interrupt)
                  0000c250    0000009e     mmc-ek-tm4c1294xl.obj (.text:send_cmd)
                  0000c2ee    00000002     --HOLE-- [fill = 0]
                  0000c2f0    0000009c     CFAF128128B0145T.obj (.text:CFAF128128B0145T_rectangle)
                  0000c38c    0000009c     rtsv7M4_T_le_v4SPD16_eabi.lib : memcpy_t2.asm.obj (.text)
                  0000c428    0000009a     ff.obj (.text:remove_chain)
                  0000c4c2    00000002     --HOLE-- [fill = 0]
                  0000c4c4    00000098     lwiplib.obj (.text:tcp_rst)
                  0000c55c    00000094     lwiplib.obj (.text:autoip_start)
                  0000c5f0    00000094     lwiplib.obj (.text:tcp_new_port)
                  0000c684    0000008e     lwiplib.obj (.text:tcp_rexmit_fast)
                  0000c712    00000002     --HOLE-- [fill = 0]
                  0000c714    0000008c     lwiplib.obj (.text:lwIPEthernetIntHandler)
                  0000c7a0    0000008c     lwiplib.obj (.text:udp_connect)
                  0000c82c    00000088     httpd.obj (.text:http_write)
                  0000c8b4    00000088     lwiplib.obj (.text:mem_free)
                  0000c93c    00000088     lwiplib.obj (.text:tcp_fasttmr)
                  0000c9c4    00000084     lwiplib.obj (.text:ip_route)
                  0000ca48    00000084     lwiplib.obj (.text:lwIPPrivateInit)
                  0000cacc    00000084     lwiplib.obj (.text:netif_add)
                  0000cb50    00000084     lwiplib.obj (.text:tcp_kill_prio)
                  0000cbd4    00000082     enet_fs.obj (.text:fs_read)
                  0000cc56    00000002     --HOLE-- [fill = 0]
                  0000cc58    00000080     lwiplib.obj (.text:etharp_output_to_arp_index)
                  0000ccd8    0000007e     ff.obj (.text:sync_window)
                  0000cd56    0000007c     lwiplib.obj (.text:autoip_start_probing)
                  0000cdd2    00000002     --HOLE-- [fill = 0]
                  0000cdd4    0000007c     lwiplib.obj (.text:mem_init)
                  0000ce50    0000007c     lwiplib.obj (.text:tcp_rexmit)
                  0000cecc    0000007a     rtsv7M4_T_le_v4SPD16_eabi.lib : memset_t2.asm.obj (.text)
                  0000cf46    0000007a     mmc-ek-tm4c1294xl.obj (.text:xmit_datablock)
                  0000cfc0    00000078     driverlib.lib : emac.obj (.text:EMACInit)
                  0000d038    00000078     ff.obj (.text:dir_alloc)
                  0000d0b0    00000078     mmc-ek-tm4c1294xl.obj (.text:send_initial_clock_train)
                  0000d128    00000076     lwiplib.obj (.text:tcp_update_rcv_ann_wnd)
                  0000d19e    00000002     --HOLE-- [fill = 0]
                  0000d1a0    00000074     uartstdio.obj (.text:UARTStdioConfig)
                  0000d214    00000074     lwiplib.obj (.text:autoip_create_addr)
                  0000d288    00000072     lwiplib.obj (.text:dhcp_option_long)
                  0000d2fa    00000002     --HOLE-- [fill = 0]
                  0000d2fc    0000006f     httpd.obj (.text:http_get_404_file)
                  0000d36b    00000001     --HOLE-- [fill = 0]
                  0000d36c    0000006e     rtsv7M4_T_le_v4SPD16_eabi.lib : fd_tos_t2.asm.obj (.text)
                  0000d3da    00000002     --HOLE-- [fill = 0]
                  0000d3dc    0000006c     httpd.obj (.text:http_accept)
                  0000d448    0000006c     lwiplib.obj (.text:ip4_addr_isbroadcast)
                  0000d4b4    0000006c     lwiplib.obj (.text:udp_new_port)
                  0000d520    0000006a     lwiplib.obj (.text:tcp_pcb_purge)
                  0000d58a    00000002     --HOLE-- [fill = 0]
                  0000d58c    00000068     driverlib.lib : interrupt.obj (.text:IntEnable)
                  0000d5f4    00000068     rtsv7M4_T_le_v4SPD16_eabi.lib : copy_decompress_lzss.c.obj (.text:decompress:lzss:__TI_decompress_lzss)
                  0000d65c    00000068     lwiplib.obj (.text:tivaif_check_pbuf)
                  0000d6c4    00000066     CFAF128128B0145T.obj (.text:CFAF128128B0145T_point)
                  0000d72a    00000066     lwiplib.obj (.text:tcp_send_empty_ack)
                  0000d790    00000064     lwiplib.obj (.text:etharp_cleanup_netif)
                  0000d7f4    00000064     mmc-ek-tm4c1294xl.obj (.text:send_cmd12)
                  0000d858    00000062     webserv_appl_fcns.obj (.text:convertINTtoCHAR)
                  0000d8ba    00000062     lwiplib.obj (.text:dhcp_network_changed)
                  0000d91c    00000060     CFAF128128B0145T.obj (.text:CFAF128128B0145T_setOrientation)
                  0000d97c    00000060     driverlib.lib : timer.obj (.text:TimerConfigure)
                  0000d9dc    00000060     httpd.obj (.text:http_close_conn)
                  0000da3c    00000060     mmc-ek-tm4c1294xl.obj (.text:set_max_speed)
                  0000da9c    00000060     httpd.obj (.text:strnstr)
                  0000dafc    00000060     ustdlib.obj (.text:ustrncmp)
                  0000db5c    0000005e     httpd.obj (.text:http_poll)
                  0000dbba    00000002     --HOLE-- [fill = 0]
                  0000dbbc    0000005c     uartstdio.obj (.text:UARTwrite)
                  0000dc18    0000005c     mmc-ek-tm4c1294xl.obj (.text:rcvr_datablock)
                  0000dc74    0000005c     lwiplib.obj (.text:tcp_send_fin)
                  0000dcd0    00000058     CFAF128128B0145T.obj (.text:CFAF128128B0145T__writeData16)
                  0000dd28    00000058     driverlib.lib : emac.obj (.text:EMACPHYConfigSet)
                  0000dd80    00000058     lwiplib.obj (.text:tcp_keepalive)
                  0000ddd8    00000058     lwiplib.obj (.text:tivaif_interrupt)
                  0000de30    00000058     lwiplib.obj (.text:udp_remove)
                  0000de88    00000056     webserv_appl_fcns.obj (.text:reverse)
                  0000dede    00000002     --HOLE-- [fill = 0]
                  0000dee0    00000054     CFAF128128B0145T.obj (.text:CFAF128128B0145T__writeData88)
                  0000df34    00000054     locator.obj (.text:LocatorAppTitleSet)
                  0000df88    00000054     locator.obj (.text:LocatorMACAddrSet)
                  0000dfdc    00000054     lwiplib.obj (.text:dhcp_fine_tmr)
                  0000e030    00000054     mmc-ek-tm4c1294xl.obj (.text:disk_timerproc)
                  0000e084    00000054     lwiplib.obj (.text:memp_free)
                  0000e0d8    00000054     lwiplib.obj (.text:netif_set_link_up)
                  0000e12c    00000054     lwiplib.obj (.text:tcp_kill_timewait)
                  0000e180    00000052     lwiplib.obj (.text:dhcp_option_trailer)
                  0000e1d2    00000052     lwiplib.obj (.text:dhcp_stop)
                  0000e224    00000050     CFAF128128B0145T.obj (.text:CFAF128128B0145T_clear)
                  0000e274    00000050     driverlib.lib : sysctl.obj (.text:SysCtlPeripheralReset)
                  0000e2c4    00000050     lwiplib.obj (.text:dhcp_coarse_tmr)
                  0000e314    00000050     lwiplib.obj (.text:sys_timeouts_init)
                  0000e364    00000050     lwiplib.obj (.text:tcp_rexmit_rto)
                  0000e3b4    0000004c     driverlib.lib : i2c.obj (.text:I2CMasterInitExpClk)
                  0000e400    0000004c     webserv_appl_fcns.obj (.text:InitTimer0Int)
                  0000e44c    0000004c     ff.obj (.text:f_mount)
                  0000e498    0000004c     lwiplib.obj (.text:ip_output)
                  0000e4e4    00000048     driverlib.lib : gpio.obj (.text:GPIOPinConfigure)
                  0000e52c    00000048     webserv_appl_fcns.obj (.text:InitTimer1Int)
                  0000e574    00000048     driverlib.lib : sysctl.obj (.text:_SysCtlFrequencyGet)
                  0000e5bc    00000048     lwiplib.obj (.text:dhcp_check)
                  0000e604    00000048     lwiplib.obj (.text:etharp_free_entry)
                  0000e64c    00000048     lwiplib.obj (.text:tcp_recved)
                  0000e694    00000046     lwiplib.obj (.text:pbuf_cat)
                  0000e6da    00000002     --HOLE-- [fill = 0]
                  0000e6dc    00000044     rtsv7M4_T_le_v4SPD16_eabi.lib : autoinit.c.obj (.text:__TI_auto_init_nobinit_nopinit:__TI_auto_init_nobinit_nopinit)
                  0000e720    00000044     lwiplib.obj (.text:dhcp_option_short)
                  0000e764    00000044     lwiplib.obj (.text:etharp_send_ip)
                  0000e7a8    00000044     lwiplib.obj (.text:tcp_eff_send_mss)
                  0000e7ec    00000044     lwiplib.obj (.text:tivaif_init)
                  0000e830    00000044     lwiplib.obj (.text:udp_sendto)
                  0000e874    00000042     ff.obj (.text:validate)
                  0000e8b6    00000002     --HOLE-- [fill = 0]
                  0000e8b8    00000040     httpd.obj (.text:httpd_init_addr)
                  0000e8f8    00000040     rtsv7M4_T_le_v4SPD16_eabi.lib : u_divt2.asm.obj (.text)
                  0000e938    0000003e     lwiplib.obj (.text:dhcp_option)
                  0000e976    0000003c     driverlib.lib : ssi.obj (.text:SSIConfigSetExpClk)
                  0000e9b2    00000002     --HOLE-- [fill = 0]
                  0000e9b4    0000003c     lwiplib.obj (.text:autoip_arp_probe)
                  0000e9f0    0000003c     lwiplib.obj (.text:autoip_bind)
                  0000ea2c    0000003c     lwiplib.obj (.text:dhcp_handle_nak)
                  0000ea68    0000003c     ff.obj (.text:ld_clust)
                  0000eaa4    0000003c     ff.obj (.text:move_window)
                  0000eae0    0000003c     lwiplib.obj (.text:netif_set_up)
                  0000eb1c    0000003c     ff.obj (.text:sum_sfn)
                  0000eb58    0000003a     driverlib.lib : emac.obj (.text:EMACIntEnable)
                  0000eb92    0000003a     lwiplib.obj (.text:autoip_handle_arp_conflict)
                  0000ebcc    0000003a     ff.obj (.text:mem_cmp)
                  0000ec06    0000003a     ff.obj (.text:mem_cpy)
                  0000ec40    0000003a     lwiplib.obj (.text:tcp_recv_null)
                  0000ec7a    00000002     --HOLE-- [fill = 0]
                  0000ec7c    00000038     CFAF128128B0145T.obj (.text:CFAF128128B0145T__writeCommand)
                  0000ecb4    00000038     CFAF128128B0145T.obj (.text:CFAF128128B0145T__writeData)
                  0000ecec    00000038     driverlib.lib : emac.obj (.text:EMACConfigSet)
                  0000ed24    00000038                   : sysctl.obj (.text:SysCtlPeripheralReady)
                  0000ed5c    00000038     rtsv7M4_T_le_v4SPD16_eabi.lib : boot_cortex_m.c.obj (.text:_c_int00_noargs:_c_int00_noargs)
                  0000ed94    00000038     lwiplib.obj (.text:autoip_arp_announce)
                  0000edcc    00000038     lwiplib.obj (.text:dhcp_handle_offer)
                  0000ee04    00000038     lwiplib.obj (.text:etharp_request)
                  0000ee3c    00000038     mmc-ek-tm4c1294xl.obj (.text:ff_wtoupper)
                  0000ee74    00000038     httpd.obj (.text:http_state_free)
                  0000eeac    00000038     rtsv7M4_T_le_v4SPD16_eabi.lib : fs_tod_t2.asm.obj (.text)
                  0000eee4    00000038     lwiplib.obj (.text:tcp_timer_needed)
                  0000ef1c    00000038     lwiplib.obj (.text:tcpip_tcp_timer)
                  0000ef54    00000034     CFAF128128B0145T.obj (.text:CFAF128128B0145T__writeData8888)
                  0000ef88    00000034     driverlib.lib : emac.obj (.text:EMACConfigGet)
                  0000efbc    00000034                   : emac.obj (.text:EMACIntClear)
                  0000eff0    00000034                   : sysctl.obj (.text:SysCtlPeripheralEnable)
                  0000f024    00000034     rtsv7M4_T_le_v4SPD16_eabi.lib : strstr.c.obj (.text:strstr)
                  0000f058    00000032     ff.obj (.text:mem_set)
                  0000f08a    00000030     ff.obj (.text:clust2sect)
                  0000f0ba    00000030     lwiplib.obj (.text:dhcp_arp_reply)
                  0000f0ea    00000030     ff.obj (.text:st_clust)
                  0000f11a    00000002     --HOLE-- [fill = 0]
                  0000f11c    00000030     mmc-ek-tm4c1294xl.obj (.text:wait_ready)
                  0000f14c    00000030     mmc-ek-tm4c1294xl.obj (.text:xmit_spi)
                  0000f17c    0000002e     lwiplib.obj (.text:dhcp_set_state)
                  0000f1aa    0000002e     httpd.obj (.text:http_sent)
                  0000f1d8    0000002e     lwiplib.obj (.text:netif_set_down)
                  0000f206    0000002e     lwiplib.obj (.text:pbuf_clen)
                  0000f234    0000002e     rtsv7M4_T_le_v4SPD16_eabi.lib : i_tofd_t2.asm.obj (.text)
                  0000f262    00000002     --HOLE-- [fill = 0]
                  0000f264    0000002c     CFAF128128B0145T.obj (.text:CFAF128128B0145T__setCS)
                  0000f290    0000002c     CFAF128128B0145T.obj (.text:CFAF128128B0145T__setRS)
                  0000f2bc    0000002c     CFAF128128B0145T.obj (.text:CFAF128128B0145T__setRST)
                  0000f2e8    0000002c     driverlib.lib : emac.obj (.text:EMACIntStatus)
                  0000f314    0000002c     lwiplib.obj (.text:lwip_htonl)
                  0000f340    0000002c     mmc-ek-tm4c1294xl.obj (.text:rcvr_spi)
                  0000f36c    0000002c     rtsv7M4_T_le_v4SPD16_eabi.lib : strncmp.c.obj (.text:strncmp)
                  0000f398    0000002a     driverlib.lib : gpio.obj (.text:GPIODirModeSet)
                  0000f3c2    0000002a     lwiplib.obj (.text:dhcp_t1_timeout)
                  0000f3ec    0000002a     lwiplib.obj (.text:dhcp_t2_timeout)
                  0000f416    0000002a     enet_fs.obj (.text:fs_bytes_left)
                  0000f440    0000002a     lwiplib.obj (.text:netif_set_addr)
                  0000f46a    0000002a     lwiplib.obj (.text:tcp_seg_copy)
                  0000f494    00000028     ff.obj (.text:chk_chr)
                  0000f4bc    00000028     lwiplib.obj (.text:lwIPTimer)
                  0000f4e4    00000026     driverlib.lib : emac.obj (.text:EMACPHYRead)
                  0000f50a    00000026                   : emac.obj (.text:EMACPHYWrite)
                  0000f530    00000024     CFAF128128B0145T.obj (.text:CFAF128128B0145T__swapINT16)
                  0000f554    00000024     driverlib.lib : interrupt.obj (.text:IntPrioritySet)
                  0000f578    00000024     uartstdio.obj (.text:UARTprintf)
                  0000f59c    00000024     lwiplib.obj (.text:dhcp_delete_msg)
                  0000f5c0    00000024     lwiplib.obj (.text:dhcp_option_byte)
                  0000f5e4    00000024     lwiplib.obj (.text:lwip_htons)
                  0000f608    00000024     rtsv7M4_T_le_v4SPD16_eabi.lib : memcmp.c.obj (.text:memcmp)
                  0000f62c    00000022     enet_fs.obj (.text:fs_close)
                  0000f64e    00000022     httpd.obj (.text:http_state_alloc)
                  0000f670    00000022     lwiplib.obj (.text:netif_set_link_down)
                  0000f692    00000022     lwiplib.obj (.text:pbuf_ref)
                  0000f6b4    00000022     lwiplib.obj (.text:tcp_poll)
                  0000f6d6    00000022     lwiplib.obj (.text:udp_new)
                  0000f6f8    00000020     CFAF128128B0145T.obj (.text:CFAF128128B0145T__delay)
                  0000f718    00000020     driverlib.lib : sysctl.obj (.text:_SysCtlMemTimingGet)
                  0000f738    00000020     lwiplib.obj (.text:autoip_network_changed)
                  0000f758    00000020     mmc-ek-tm4c1294xl.obj (.text:disk_status)
                  0000f778    00000020     ff.obj (.text:f_close)
                  0000f798    00000020     lwiplib.obj (.text:lwip_init)
                  0000f7b8    00000020     lwiplib.obj (.text:pbuf_pool_is_empty)
                  0000f7d8    00000020     lwiplib.obj (.text:tcp_close)
                  0000f7f8    00000020     lwiplib.obj (.text:tcp_seg_free)
                  0000f818    00000020     lwiplib.obj (.text:tcp_segs_free)
                  0000f838    00000020     lwiplib.obj (.text:tcp_tmr)
                  0000f858    0000001e     driverlib.lib : emac.obj (.text:EMACAddrGet)
                  0000f876    0000001e     mmc-ek-tm4c1294xl.obj (.text:ff_convert)
                  0000f894    0000001e     rtsv7M4_T_le_v4SPD16_eabi.lib : strcat.c.obj (.text:strcat)
                  0000f8b2    0000001c     CFAF128128B0145T.obj (.text:CFAF128128B0145T__writeRegister)
                  0000f8ce    00000002     --HOLE-- [fill = 0]
                  0000f8d0    0000001c     mmc-ek-tm4c1294xl.obj (.text:DESELECT)
                  0000f8ec    0000001c     webserv_appl_fcns.obj (.text:ReadDataIntHandler)
                  0000f908    0000001c     mmc-ek-tm4c1294xl.obj (.text:SELECT)
                  0000f924    0000001c     lwiplib.obj (.text:arp_timer)
                  0000f940    0000001c     lwiplib.obj (.text:dhcp_timer_coarse)
                  0000f95c    0000001c     lwiplib.obj (.text:dhcp_timer_fine)
                  0000f978    0000001c     lwiplib.obj (.text:lwIPLocalIPAddrGet)
                  0000f994    0000001c     lwiplib.obj (.text:netif_set_default)
                  0000f9b0    0000001c     lwiplib.obj (.text:netif_set_gw)
                  0000f9cc    0000001c     lwiplib.obj (.text:netif_set_netmask)
                  0000f9e8    0000001c     lwiplib.obj (.text:sys_arch_unprotect)
                  0000fa04    0000001c     lwiplib.obj (.text:tcp_next_iss)
                  0000fa20    0000001a     lwiplib.obj (.text:udp_recv)
                  0000fa3a    00000002     --HOLE-- [fill = 0]
                  0000fa3c    00000018     CFAF128128B0145T.obj (.text:CFAF128128B0145T_setFontSolid)
                  0000fa54    00000018     CFAF128128B0145T.obj (.text:CFAF128128B0145T_setPenSolid)
                  0000fa6c    00000018     driverlib.lib : gpio.obj (.text:GPIOPinTypeGPIOOutput)
                  0000fa84    00000018     lwiplib.obj (.text:autoip_timer)
                  0000fa9c    00000018     httpd.obj (.text:http_err)
                  0000fab4    00000018     lwiplib.obj (.text:inet_chksum)
                  0000facc    00000018     rtsv7M4_T_le_v4SPD16_eabi.lib : strcmp.c.obj (.text:strcmp)
                  0000fae4    00000016     driverlib.lib : emac.obj (.text:EMACReset)
                  0000fafa    00000016                   : emac.obj (.text:EMACRxEnable)
                  0000fb10    00000016                   : emac.obj (.text:EMACTxEnable)
                  0000fb26    00000016     lwiplib.obj (.text:autoip_restart)
                  0000fb3c    00000016     lwiplib.obj (.text:autoip_stop)
                  0000fb52    00000016     lwiplib.obj (.text:icmp_dest_unreach)
                  0000fb68    00000016     lwiplib.obj (.text:pbuf_chain)
                  0000fb7e    00000016     rtsv7M4_T_le_v4SPD16_eabi.lib : strchr.c.obj (.text:strchr)
                  0000fb94    00000016     lwiplib.obj (.text:tcp_setprio)
                  0000fbaa    00000002     --HOLE-- [fill = 0]
                  0000fbac    00000014     driverlib.lib : flash.obj (.text:FlashUserGet)
                  0000fbc0    00000014                   : systick.obj (.text:SysTickEnable)
                  0000fbd4    00000014                   : systick.obj (.text:SysTickIntEnable)
                  0000fbe8    00000014     enet_lwip.obj (.text:SysTickIntHandler)
                  0000fbfc    00000014     rtsv7M4_T_le_v4SPD16_eabi.lib : strcpy.c.obj (.text:strcpy)
                  0000fc10    00000014                                   : strlen.c.obj (.text:strlen)
                  0000fc24    00000014     lwiplib.obj (.text:tcp_accept_null)
                  0000fc38    00000014     lwiplib.obj (.text:tcp_err)
                  0000fc4c    00000014     lwiplib.obj (.text:tcp_recv)
                  0000fc60    00000012     driverlib.lib : gpio.obj (.text:GPIOPinTypeEthernetLED)
                  0000fc72    00000012                   : gpio.obj (.text:GPIOPinTypeI2C)
                  0000fc84    00000012                   : gpio.obj (.text:GPIOPinTypeI2CSCL)
                  0000fc96    00000012                   : gpio.obj (.text:GPIOPinTypeSSI)
                  0000fca8    00000012                   : ssi.obj (.text:SSIDataGetNonBlocking)
                  0000fcba    00000012                   : timer.obj (.text:TimerLoadSet)
                  0000fccc    00000012     lwiplib.obj (.text:tcp_accept)
                  0000fcde    00000012     lwiplib.obj (.text:tcp_arg)
                  0000fcf0    00000012     lwiplib.obj (.text:tcp_sent)
                  0000fd02    00000002     --HOLE-- [fill = 0]
                  0000fd04    00000010     driverlib.lib : emac.obj (.text:EMACFrameFilterSet)
                  0000fd14    00000010                   : interrupt.obj (.text:IntMasterEnable)
                  0000fd24    00000010                   : systick.obj (.text:SysTickPeriodSet)
                  0000fd34    00000010     enet_fs.obj (.text:fs_init)
                  0000fd44    00000010     httpd.obj (.text:httpd_init)
                  0000fd54    00000010     lwiplib.obj (.text:lwip_ntohs)
                  0000fd64    00000010     lwiplib.obj (.text:sys_arch_protect)
                  0000fd74    0000000e     driverlib.lib : timer.obj (.text:TimerEnable)
                  0000fd82    0000000e     rtsv7M4_T_le_v4SPD16_eabi.lib : copy_decompress_none.c.obj (.text:decompress:none:__TI_decompress_none)
                  0000fd90    0000000e     mmc-ek-tm4c1294xl.obj (.text:rcvr_spi_m)
                  0000fd9e    0000000e     lwiplib.obj (.text:tcp_abort)
                  0000fdac    0000000c     driverlib.lib : cpu.obj (.text:CPUcpsie)
                  0000fdb8    0000000c                   : sysctl.obj (.text:SysCtlMOSCConfigSet)
                  0000fdc4    0000000c     mmc-ek-tm4c1294xl.obj (.text:chk_power)
                  0000fdd0    0000000c     rtsv7M4_T_le_v4SPD16_eabi.lib : copy_zero_init.c.obj (.text:decompress:ZI:__TI_zero_init)
                  0000fddc    0000000c     lwiplib.obj (.text:lwip_ntohl)
                  0000fde8    0000000c     mmc-ek-tm4c1294xl.obj (.text:power_off)
                  0000fdf4    0000000c     lwiplib.obj (.text:sys_now)
                  0000fe00    0000000a     driverlib.lib : i2c.obj (.text:I2CMasterEnable)
                  0000fe0a    0000000a                   : ssi.obj (.text:SSIDataPut)
                  0000fe14    0000000a                   : ssi.obj (.text:SSIDisable)
                  0000fe1e    0000000a                   : ssi.obj (.text:SSIEnable)
                  0000fe28    0000000a     lwiplib.obj (.text:tcp_new)
                  0000fe32    00000008     driverlib.lib : emac.obj (.text:EMACPowerManagementStatusGet)
                  0000fe3a    00000008                   : emac.obj (.text:EMACTxDMAPollDemand)
                  0000fe42    00000008                   : i2c.obj (.text:I2CMasterBusy)
                  0000fe4a    00000008                   : i2c.obj (.text:I2CMasterSlaveAddrSet)
                  0000fe52    00000008                   : ssi.obj (.text:SSIBusy)
                  0000fe5a    00000008                   : timer.obj (.text:TimerIntEnable)
                  0000fe62    00000002     --HOLE-- [fill = 0]
                  0000fe64    00000008     mmc-ek-tm4c1294xl.obj (.text:get_fattime)
                  0000fe6c    00000006     driverlib.lib : emac.obj (.text:EMACRxDMADescriptorListSet)
                  0000fe72    00000006                   : emac.obj (.text:EMACTimestampIntStatus)
                  0000fe78    00000006                   : emac.obj (.text:EMACTxDMADescriptorListSet)
                  0000fe7e    00000006                   : gpio.obj (.text:GPIOPinRead)
                  0000fe84    00000006                   : gpio.obj (.text:GPIOPinWrite)
                  0000fe8a    00000006     startup_ccs.obj (.text:ResetISR)
                  0000fe90    00000006     driverlib.lib : sysctl.obj (.text:SysCtlDelay)
                  0000fe96    00000004                   : i2c.obj (.text:I2CMasterControl)
                  0000fe9a    00000004                   : i2c.obj (.text:I2CMasterDataGet)
                  0000fe9e    00000004                   : i2c.obj (.text:I2CMasterDataPut)
                  0000fea2    00000004                   : timer.obj (.text:TimerIntClear)
                  0000fea6    00000004     rtsv7M4_T_le_v4SPD16_eabi.lib : pre_init.c.obj (.text:_system_pre_init)
                  0000feaa    00000004                                   : exit.c.obj (.text:abort:abort)

.const     0    0000feb0    00000f8c     
                  0000feb0    00000540     CFAF128128B0145T.obj (.const:CFAF128128B0145T__font6x8)
                  000103f0    00000414     httpd.obj (.const:.string)
                  00010804    000001b0     driverlib.lib : sysctl.obj (.const:g_pppui32XTALtoVCO)
                  000109b4    0000009c                   : interrupt.obj (.const:g_pui32Regs)
                  00010a50    00000090                   : gpio.obj (.const:g_pui32GPIOBaseAddrs)
                  00010ae0    00000088     httpd.obj (.const:g_psHTTPHeaders)
                  00010b68    00000080     ff.obj (.const:.string:ExCvt)
                  00010be8    00000070     driverlib.lib : interrupt.obj (.const)
                  00010c58    0000006c                   : sysctl.obj (.const:g_pui32Xtals)
                  00010cc4    00000068     httpd.obj (.const:g_psHTTPHeaderStrings)
                  00010d2c    00000030     driverlib.lib : sysctl.obj (.const:g_sXTALtoMEMTIM)
                  00010d5c    00000028     httpd.obj (.const:g_psDefaultFilenames)
                  00010d84    00000018     driverlib.lib : emac.obj (.const)
                  00010d9c    00000012     uartstdio.obj (.const:.string)
                  00010dae    00000010     lwiplib.obj (.const:memp_num)
                  00010dbe    00000010     lwiplib.obj (.const:memp_sizes)
                  00010dce    00000002     --HOLE-- [fill = 0]
                  00010dd0    00000010     lwiplib.obj (.const:tcp_pcb_lists)
                  00010de0    0000000d     ff.obj (.const:.string:LfnOfs)
                  00010ded    0000000d     lwiplib.obj (.const:.string:tcp_backoff)
                  00010dfa    00000002     --HOLE-- [fill = 0]
                  00010dfc    0000000c     uartstdio.obj (.const:g_ui32UARTBase)
                  00010e08    0000000c     uartstdio.obj (.const:g_ui32UARTPeriph)
                  00010e14    00000008     driverlib.lib : sysctl.obj (.const)
                  00010e1c    00000007     lwiplib.obj (.const:.string:tcp_persist_backoff)
                  00010e23    00000006     lwiplib.obj (.const:ethbroadcast)
                  00010e29    00000006     lwiplib.obj (.const:ethzero)
                  00010e2f    00000001     --HOLE-- [fill = 0]
                  00010e30    00000004     lwiplib.obj (.const:ip_addr_any)
                  00010e34    00000004     lwiplib.obj (.const:ip_addr_broadcast)
                  00010e38    00000004     uartstdio.obj (.const)

.cinit     0    00010e40    00000060     
                  00010e40    00000036     (.cinit..data.load) [load image, compression = lzss]
                  00010e76    00000002     --HOLE-- [fill = 0]
                  00010e78    0000000c     (__TI_handler_table)
                  00010e84    00000004     --HOLE-- [fill = 0]
                  00010e88    00000008     (.cinit..bss.load) [load image, compression = zero_init]
                  00010e90    00000010     (__TI_cinit_table)

.init_array 
*          0    00000000    00000000     UNINITIALIZED

.bss       0    20000000    00017f53     UNINITIALIZED
                  20000000    0001001c     (.common:ram_heap)
                  2001001c    000072d4     lwiplib.obj (.bss:memp_memory)
                  200172f0    00000360     (.common:g_pTxDescriptors)
                  20017650    00000234     enet_fs.obj (.bss:g_sFatFs)
                  20017884    00000200     ff.obj (.bss:LfnBuf)
                  20017a84    00000120     (.common:g_pRxDescriptors)
                  20017ba4    00000120     (.common:lwip_stats)
                  20017cc4    000000c8     lwiplib.obj (.bss:arp_table)
                  20017d8c    00000054     locator.obj (.bss:g_pui8LocatorData)
                  20017de0    00000050     lwiplib.obj (.bss)
                  20017e30    00000038     lwiplib.obj (.bss:g_sNetIF)
                  20017e68    00000028     (.common:dhcp_rx_options_val)
                  20017e90    00000020     lwiplib.obj (.bss:memp_tab)
                  20017eb0    00000010     lwiplib.obj (.bss:inseg)
                  20017ec0    0000000c     (.common:dhcp_rx_options_given)
                  20017ecc    00000008     enet_fs.obj (.bss:pcBuf$1)
                  20017ed4    00000004     ff.obj (.bss:FatFs)
                  20017ed8    00000004     (.common:CFAF128128B0145T__csPort)
                  20017edc    00000004     (.common:CFAF128128B0145T__rsPort)
                  20017ee0    00000004     (.common:CFAF128128B0145T__rstPort)
                  20017ee4    00000004     (.common:CFAF128128B0145T__spiClock)
                  20017ee8    00000004     (.common:CFAF128128B0145T__spiDevice)
                  20017eec    00000004     (.common:CFAF128128B0145T__sysClock)
                  20017ef0    00000004     (.common:current_header)
                  20017ef4    00000004     (.common:current_iphdr_dest)
                  20017ef8    00000004     (.common:current_iphdr_src)
                  20017efc    00000004     (.common:current_netif)
                  20017f00    00000004     (.common:g_pfnTimerHandler)
                  20017f04    00000004     (.common:g_ui32AbnormalInts)
                  20017f08    00000004     (.common:g_ui32IPAddress)
                  20017f0c    00000004     (.common:g_ui32NormalInts)
                  20017f10    00000004     (.common:g_ui32SysClock)
                  20017f14    00000004     (.common:netif_default)
                  20017f18    00000004     (.common:netif_list)
                  20017f1c    00000004     (.common:tcp_active_pcbs)
                  20017f20    00000004     (.common:tcp_bound_pcbs)
                  20017f24    00000004     (.common:tcp_input_pcb)
                  20017f28    00000004     (.common:tcp_listen_pcbs)
                  20017f2c    00000004     (.common:tcp_ticks)
                  20017f30    00000004     (.common:tcp_tmp_pcb)
                  20017f34    00000004     (.common:tcp_tw_pcbs)
                  20017f38    00000004     (.common:udp_pcbs)
                  20017f3c    00000004     (.common:ui32User0)
                  20017f40    00000004     (.common:ui32User1)
                  20017f44    00000003     mmc-ek-tm4c1294xl.obj (.bss)
                  20017f47    00000001     (.common:CFAF128128B0145T__boosterPack)
                  20017f48    00000002     ff.obj (.bss)
                  20017f4a    00000001     (.common:CFAF128128B0145T__csPin)
                  20017f4b    00000001     (.common:CFAF128128B0145T__fontSolid)
                  20017f4c    00000001     (.common:CFAF128128B0145T__orientation)
                  20017f4d    00000001     (.common:CFAF128128B0145T__penSolid)
                  20017f4e    00000001     (.common:CFAF128128B0145T__rsPin)
                  20017f4f    00000001     (.common:CFAF128128B0145T__rstPin)
                  20017f50    00000001     (.common:g_bLED)
                  20017f51    00000001     (.common:pbuf_free_ooseq_pending)
                  20017f52    00000001     (.common:tcp_active_pcbs_changed)

.data      0    20018758    00000073     UNINITIALIZED
                  20018758    00000038     lwiplib.obj (.data)
                  20018790    00000010     lwiplib.obj (.data:g_RxDescList)
                  200187a0    00000010     lwiplib.obj (.data:g_TxDescList)
                  200187b0    0000000c     lwiplib.obj (.data:g_StellarisIFData)
                  200187bc    00000005     uartstdio.obj (.data)
                  200187c1    00000002     mmc-ek-tm4c1294xl.obj (.data)
                  200187c3    00000001     --HOLE--
                  200187c4    00000004     enet_lwip.obj (.data)
                  200187c8    00000003     webserv_appl_fcns.obj (.data)

.stack     0    20017f58    00000800     UNINITIALIZED
                  20017f58    00000004     rtsv7M4_T_le_v4SPD16_eabi.lib : boot_cortex_m.c.obj (.stack)
                  20017f5c    000007fc     --HOLE--

MODULE SUMMARY

       Module                       code    ro data   rw data
       ------                       ----    -------   -------
    .\
       enet_fs.obj                  534     0         572    
       enet_lwip.obj                1024    0         21     
       I2C_LightSens.obj            676     0         0      
       webserv_appl_fcns.obj        672     0         3      
       startup_ccs.obj              12      512       0      
    +--+----------------------------+-------+---------+---------+
       Total:                       2918    512       596    
                                                             
    .\drivers\
       CFAF128128B0145T.obj         4158    1344      31     
       pinout.obj                   620     0         0      
    +--+----------------------------+-------+---------+---------+
       Total:                       4778    1344      31     
                                                             
    .\third_party\fatfs\port\
       mmc-ek-tm4c1294xl.obj        2784    0         5      
    +--+----------------------------+-------+---------+---------+
       Total:                       2784    0         5      
                                                             
    .\third_party\fatfs\src\
       ff.obj                       8252    141       518    
    +--+----------------------------+-------+---------+---------+
       Total:                       8252    141       518    
                                                             
    .\third_party\lwip-1.4.1\apps\httpserver_raw\
       httpd.obj                    2702    1324      0      
    +--+----------------------------+-------+---------+---------+
       Total:                       2702    1324      0      
                                                             
    .\utils\
       lwiplib.obj                  37570   88        97006  
       uartstdio.obj                1024    46        5      
       locator.obj                  540     0         84     
       ustdlib.obj                  96      0         0      
    +--+----------------------------+-------+---------+---------+
       Total:                       39230   134       97095  
                                                             
    C:/Tools/TexasInstruments/TivaWare_C_Series-2.1.4.178/driverlib/ccs/Debug/driverlib.lib
       sysctl.obj                   822     596       0      
       emac.obj                     692     24        0      
       gpio.obj                     528     144       0      
       interrupt.obj                156     268       0      
       timer.obj                    140     0         0      
       ssi.obj                      116     0         0      
       i2c.obj                      114     0         0      
       systick.obj                  56      0         0      
       flash.obj                    20      0         0      
       cpu.obj                      12      0         0      
    +--+----------------------------+-------+---------+---------+
       Total:                       2656    1032      0      
                                                             
    C:\Tools\TexasInstruments\ccs820\ccsv8\tools\compiler\ti-cgt-arm_18.1.3.LTS\lib\rtsv7M4_T_le_v4SPD16_eabi.lib
       fd_mul_t2.asm.obj            252     0         0      
       memcpy_t2.asm.obj            156     0         0      
       memset_t2.asm.obj            122     0         0      
       fd_tos_t2.asm.obj            110     0         0      
       copy_decompress_lzss.c.obj   104     0         0      
       autoinit.c.obj               68      0         0      
       u_divt2.asm.obj              64      0         0      
       boot_cortex_m.c.obj          56      0         0      
       fs_tod_t2.asm.obj            56      0         0      
       strstr.c.obj                 52      0         0      
       i_tofd_t2.asm.obj            46      0         0      
       strncmp.c.obj                44      0         0      
       memcmp.c.obj                 36      0         0      
       strcat.c.obj                 30      0         0      
       strcmp.c.obj                 24      0         0      
       strchr.c.obj                 22      0         0      
       strcpy.c.obj                 20      0         0      
       strlen.c.obj                 20      0         0      
       copy_decompress_none.c.obj   14      0         0      
       copy_zero_init.c.obj         12      0         0      
       exit.c.obj                   4       0         0      
       pre_init.c.obj               4       0         0      
       div0.asm.obj                 2       0         0      
    +--+----------------------------+-------+---------+---------+
       Total:                       1318    0         0      
                                                             
       Stack:                       0       0         2048   
       Linker Generated:            0       90        0      
    +--+----------------------------+-------+---------+---------+
       Grand Total:                 64638   4577      100293 


LINKER GENERATED COPY TABLES

__TI_cinit_table @ 00010e90 records: 2, size/record: 8, table size: 16
	.data: load addr=00010e40, load size=00000036 bytes, run addr=20018758, run size=00000073 bytes, compression=lzss
	.bss: load addr=00010e88, load size=00000008 bytes, run addr=20000000, run size=00017f53 bytes, compression=zero_init


LINKER GENERATED HANDLER TABLE

__TI_handler_table @ 00010e78 records: 3, size/record: 4, table size: 12
	index: 0, handler: __TI_decompress_lzss
	index: 1, handler: __TI_decompress_none
	index: 2, handler: __TI_zero_init


GLOBAL SYMBOLS: SORTED ALPHABETICALLY BY Name 

address   name                           
-------   ----                           
0000feab  C$$EXIT                        
20017f47  CFAF128128B0145T__boosterPack  
20017f4a  CFAF128128B0145T__csPin        
20017ed8  CFAF128128B0145T__csPort       
0000f6f9  CFAF128128B0145T__delay        
00007465  CFAF128128B0145T__fastFill     
20017f4b  CFAF128128B0145T__fontSolid    
20017f4c  CFAF128128B0145T__orientation  
20017f4d  CFAF128128B0145T__penSolid     
20017f4e  CFAF128128B0145T__rsPin        
20017edc  CFAF128128B0145T__rsPort       
20017f4f  CFAF128128B0145T__rstPin       
20017ee0  CFAF128128B0145T__rstPort      
0000f265  CFAF128128B0145T__setCS        
0000f291  CFAF128128B0145T__setRS        
0000f2bd  CFAF128128B0145T__setRST       
00008b4d  CFAF128128B0145T__setWindow    
20017ee4  CFAF128128B0145T__spiClock     
20017ee8  CFAF128128B0145T__spiDevice    
0000f531  CFAF128128B0145T__swapINT16    
20017eec  CFAF128128B0145T__sysClock     
0000ec7d  CFAF128128B0145T__writeCommand 
0000ecb5  CFAF128128B0145T__writeData    
0000dcd1  CFAF128128B0145T__writeData16  
0000dee1  CFAF128128B0145T__writeData88  
0000ef55  CFAF128128B0145T__writeData8888
0000f8b3  CFAF128128B0145T__writeRegister
0000e225  CFAF128128B0145T_clear         
0000337d  CFAF128128B0145T_init          
00006cdd  CFAF128128B0145T_line          
0000d6c5  CFAF128128B0145T_point         
0000c2f1  CFAF128128B0145T_rectangle     
0000fa3d  CFAF128128B0145T_setFontSolid  
0000d91d  CFAF128128B0145T_setOrientation
0000fa55  CFAF128128B0145T_setPenSolid   
00001951  CFAF128128B0145T_text          
0000fdad  CPUcpsie                       
00007ec5  DisplayIPnMACAddress           
0000f859  EMACAddrGet                    
0000ef89  EMACConfigGet                  
0000eced  EMACConfigSet                  
0000fd05  EMACFrameFilterSet             
0000cfc1  EMACInit                       
0000efbd  EMACIntClear                   
0000eb59  EMACIntEnable                  
0000f2e9  EMACIntStatus                  
0000dd29  EMACPHYConfigSet               
0000f4e5  EMACPHYRead                    
0000f50b  EMACPHYWrite                   
0000fe33  EMACPowerManagementStatusGet   
0000fae5  EMACReset                      
0000fe6d  EMACRxDMADescriptorListSet     
0000fafb  EMACRxEnable                   
0000fe73  EMACTimestampIntStatus         
0000fe79  EMACTxDMADescriptorListSet     
0000fe3b  EMACTxDMAPollDemand            
0000fb11  EMACTxEnable                   
0000fbad  FlashUserGet                   
0000f399  GPIODirModeSet                 
00007ff9  GPIOPadConfigSet               
0000e4e5  GPIOPinConfigure               
0000fe7f  GPIOPinRead                    
0000fc61  GPIOPinTypeEthernetLED         
0000fa6d  GPIOPinTypeGPIOOutput          
0000fc73  GPIOPinTypeI2C                 
0000fc85  GPIOPinTypeI2CSCL              
0000fc97  GPIOPinTypeSSI                 
0000fe85  GPIOPinWrite                   
0000fe43  I2CMasterBusy                  
0000fe97  I2CMasterControl               
0000fe9b  I2CMasterDataGet               
0000fe9f  I2CMasterDataPut               
0000fe01  I2CMasterEnable                
0000e3b5  I2CMasterInitExpClk            
0000fe4b  I2CMasterSlaveAddrSet          
0000663d  InitDMADescriptors             
0000a755  InitOPT3001                    
0000e401  InitTimer0Int                  
0000e52d  InitTimer1Int                  
0000d58d  IntEnable                      
0000fd15  IntMasterEnable                
0000f555  IntPrioritySet                 
0000df35  LocatorAppTitleSet             
0000be91  LocatorInit                    
0000df89  LocatorMACAddrSet              
0000b101  OPT3001CheckConv               
00008259  OPT3001ReadData                
00004401  PinoutSet                      
0000f8ed  ReadDataIntHandler             
0000fe8b  ResetISR                       
0000fe53  SSIBusy                        
0000e977  SSIConfigSetExpClk             
0000fca9  SSIDataGetNonBlocking          
0000fe0b  SSIDataPut                     
0000fe15  SSIDisable                     
0000fe1f  SSIEnable                      
00005599  SysCtlClockFreqSet             
0000fe91  SysCtlDelay                    
0000fdb9  SysCtlMOSCConfigSet            
0000eff1  SysCtlPeripheralEnable         
0000ed25  SysCtlPeripheralReady          
0000e275  SysCtlPeripheralReset          
0000fbc1  SysTickEnable                  
0000fbd5  SysTickIntEnable               
0000fbe9  SysTickIntHandler              
0000fd25  SysTickPeriodSet               
0000d97d  TimerConfigure                 
0000fd75  TimerEnable                    
0000fea3  TimerIntClear                  
0000fe5b  TimerIntEnable                 
0000fcbb  TimerLoadSet                   
0000d1a1  UARTStdioConfig                
0000f579  UARTprintf                     
0000368d  UARTvprintf                    
0000dbbd  UARTwrite                      
00007b1d  WriteDisplay                   
20018758  __STACK_END                    
00000800  __STACK_SIZE                   
20018758  __STACK_TOP                    
00010e90  __TI_CINIT_Base                
00010ea0  __TI_CINIT_Limit               
00010e78  __TI_Handler_Table_Base        
00010e84  __TI_Handler_Table_Limit       
0000e6dd  __TI_auto_init_nobinit_nopinit 
0000d5f5  __TI_decompress_lzss           
0000fd83  __TI_decompress_none           
ffffffff  __TI_pprof_out_hndl            
ffffffff  __TI_prof_data_size            
ffffffff  __TI_prof_data_start           
00000000  __TI_static_base__             
0000fdd1  __TI_zero_init                 
0000d36d  __aeabi_d2f                    
00009865  __aeabi_dmul                   
0000eead  __aeabi_f2d                    
0000f235  __aeabi_i2d                    
00009373  __aeabi_idiv0                  
00009373  __aeabi_ldiv0                  
0000cecd  __aeabi_memclr                 
0000cecd  __aeabi_memclr4                
0000cecd  __aeabi_memclr8                
0000c38d  __aeabi_memcpy                 
0000c38d  __aeabi_memcpy4                
0000c38d  __aeabi_memcpy8                
0000cecf  __aeabi_memset                 
0000cecf  __aeabi_memset4                
0000cecf  __aeabi_memset8                
0000e8f9  __aeabi_uidiv                  
0000e8f9  __aeabi_uidivmod               
ffffffff  __binit__                      
ffffffff  __c_args__                     
UNDEFED   __mpu_init                     
20017f58  __stack                        
0000ed5d  _c_int00_noargs                
UNDEFED   _system_post_cinit             
0000fea7  _system_pre_init               
0000feab  abort                          
0000b747  autoip_arp_reply               
0000f739  autoip_network_changed         
0000c55d  autoip_start                   
0000fb3d  autoip_stop                    
000075c1  autoip_tmr                     
ffffffff  binit                          
0000f08b  clust2sect                     
0000d859  convertINTtoCHAR               
20017ef0  current_header                 
20017ef4  current_iphdr_dest             
20017ef8  current_iphdr_src              
20017efc  current_netif                  
0000f0bb  dhcp_arp_reply                 
0000e2c5  dhcp_coarse_tmr                
0000dfdd  dhcp_fine_tmr                  
0000d8bb  dhcp_network_changed           
00009b3d  dhcp_release                   
0000b485  dhcp_renew                     
20017ec0  dhcp_rx_options_given          
20017e68  dhcp_rx_options_val            
00009475  dhcp_start                     
0000e1d3  dhcp_stop                      
000067ed  disk_initialize                
00005391  disk_ioctl                     
0000b269  disk_read                      
0000f759  disk_status                    
0000e031  disk_timerproc                 
00009edd  disk_write                     
0000d791  etharp_cleanup_netif           
00006999  etharp_output                  
00005f41  etharp_query                   
00008f69  etharp_raw                     
0000ee05  etharp_request                 
0000a8e1  etharp_tmr                     
00010e23  ethbroadcast                   
0000966d  ethernet_input                 
00010e29  ethzero                        
0000f779  f_close                        
0000e44d  f_mount                        
00004f69  f_open                         
0000466d  f_read                         
00009769  f_sync                         
0000f877  ff_convert                     
0000ee3d  ff_wtoupper                    
0000f417  fs_bytes_left                  
0000f62d  fs_close                       
0000fd35  fs_init                        
00007d8d  fs_open                        
0000cbd5  fs_read                        
20018790  g_RxDescList                   
200187a0  g_TxDescList                   
20017f50  g_bLED                         
200187c8  g_i16_yhigh                    
20017a84  g_pRxDescriptors               
200172f0  g_pTxDescriptors               
20017f00  g_pfnTimerHandler              
00000000  g_pfnVectors                   
00010d5c  g_psDefaultFilenames           
20017f04  g_ui32AbnormalInts             
20017f08  g_ui32IPAddress                
2001875c  g_ui32LocalTimer               
20017f0c  g_ui32NormalInts               
20017f10  g_ui32SysClock                 
200187ca  g_ui8_getLightSensData         
00009c25  gen_numname                    
000085d1  get_fat                        
0000fe65  get_fattime                    
0000fd45  httpd_init                     
0000fb53  icmp_dest_unreach              
00005b89  icmp_input                     
0000fab5  inet_chksum                    
0000c071  inet_chksum_pbuf               
0000d449  ip4_addr_isbroadcast           
00010e30  ip_addr_any                    
00010e34  ip_addr_broadcast              
00003ee9  ip_input                       
0000e499  ip_output                      
00009a51  ip_output_if                   
0000c9c5  ip_route                       
0000c715  lwIPEthernetIntHandler         
0000a81d  lwIPHostTimerHandler           
00009961  lwIPInit                       
0000f979  lwIPLocalIPAddrGet             
0000f4bd  lwIPTimer                      
0000f315  lwip_htonl                     
0000f5e5  lwip_htons                     
0000f799  lwip_init                      
0000fddd  lwip_ntohl                     
0000fd55  lwip_ntohs                     
20017ba4  lwip_stats                     
00005995  main                           
0000c8b5  mem_free                       
0000cdd5  mem_init                       
00006e75  mem_malloc                     
00006b41  mem_trim                       
0000f609  memcmp                         
0000c38d  memcpy                         
0000e085  memp_free                      
0000906d  memp_init                      
0000bb49  memp_malloc                    
0000ced5  memset                         
0000cacd  netif_add                      
20017f14  netif_default                  
0000812b  netif_init                     
20017f18  netif_list                     
0000f441  netif_set_addr                 
0000f995  netif_set_default              
0000f1d9  netif_set_down                 
0000f9b1  netif_set_gw                   
0000aa61  netif_set_ipaddr               
0000f671  netif_set_link_down            
0000e0d9  netif_set_link_up              
0000f9cd  netif_set_netmask              
0000eae1  netif_set_up                   
00005181  pbuf_alloc                     
0000e695  pbuf_cat                       
0000fb69  pbuf_chain                     
0000f207  pbuf_clen                      
000086f5  pbuf_copy                      
00009d0d  pbuf_copy_partial              
0000bbf1  pbuf_free                      
20017f51  pbuf_free_ooseq_pending        
0000a0a5  pbuf_header                    
0000b049  pbuf_realloc                   
0000f693  pbuf_ref                       
000062c5  put_fat                        
20000000  ram_heap                       
0000b31d  raw_input                      
0000de89  reverse                        
00009473  stats_init                     
0000f895  strcat                         
0000fb7f  strchr                         
0000facd  strcmp                         
0000fbfd  strcpy                         
0000fc11  strlen                         
0000f36d  strncmp                        
0000f025  strstr                         
0000fd65  sys_arch_protect               
0000f9e9  sys_arch_unprotect             
0000fdf5  sys_now                        
0000a4e5  sys_timeout                    
0000e315  sys_timeouts_init              
0000ae19  tcp_abandon                    
0000fd9f  tcp_abort                      
0000fccd  tcp_accept                     
20017f1c  tcp_active_pcbs                
20017f52  tcp_active_pcbs_changed        
000084a9  tcp_alloc                      
0000fcdf  tcp_arg                        
00010ded  tcp_backoff                    
0000a181  tcp_bind                       
20017f20  tcp_bound_pcbs                 
0000f7d9  tcp_close                      
0000e7a9  tcp_eff_send_mss               
0000717d  tcp_enqueue_flags              
0000fc39  tcp_err                        
0000c93d  tcp_fasttmr                    
0000b0ff  tcp_init                       
000013d1  tcp_input                      
20017f24  tcp_input_pcb                  
0000dd81  tcp_keepalive                  
20017f28  tcp_listen_pcbs                
00008d5d  tcp_listen_with_backlog        
0000fe29  tcp_new                        
0000fa05  tcp_next_iss                   
000048c1  tcp_output                     
00010dd0  tcp_pcb_lists                  
0000d521  tcp_pcb_purge                  
0000c111  tcp_pcb_remove                 
00010e1c  tcp_persist_backoff            
0000f6b5  tcp_poll                       
0000aed5  tcp_process_refused_data       
0000fc4d  tcp_recv                       
0000ec41  tcp_recv_null                  
0000e64d  tcp_recved                     
0000ce51  tcp_rexmit                     
0000c685  tcp_rexmit_fast                
0000e365  tcp_rexmit_rto                 
0000c4c5  tcp_rst                        
0000f46b  tcp_seg_copy                   
0000f7f9  tcp_seg_free                   
0000f819  tcp_segs_free                  
0000d72b  tcp_send_empty_ack             
0000dc75  tcp_send_fin                   
0000fcf1  tcp_sent                       
0000fb95  tcp_setprio                    
000027d9  tcp_slowtmr                    
20017f2c  tcp_ticks                      
0000eee5  tcp_timer_needed               
20017f30  tcp_tmp_pcb                    
0000f839  tcp_tmr                        
20017f34  tcp_tw_pcbs                    
0000d129  tcp_update_rcv_ann_wnd         
00002345  tcp_write                      
0000a339  tcp_zero_window_probe          
0000e7ed  tivaif_init                    
0000ddd9  tivaif_interrupt               
0000c1b1  tivaif_process_phy_interrupt   
0000ab21  udp_bind                       
0000c7a1  udp_connect                    
0000b7f3  udp_init                       
00003c51  udp_input                      
0000f6d7  udp_new                        
20017f38  udp_pcbs                       
0000fa21  udp_recv                       
0000de31  udp_remove                     
0000e831  udp_sendto                     
00008811  udp_sendto_if                  
20017f3c  ui32User0                      
20017f40  ui32User1                      
200187c4  ui32_LUXMeasData               
0000dafd  ustrncmp                       


GLOBAL SYMBOLS: SORTED BY Symbol Address 

address   name                           
-------   ----                           
00000000  __TI_static_base__             
00000000  g_pfnVectors                   
00000800  __STACK_SIZE                   
000013d1  tcp_input                      
00001951  CFAF128128B0145T_text          
00002345  tcp_write                      
000027d9  tcp_slowtmr                    
0000337d  CFAF128128B0145T_init          
0000368d  UARTvprintf                    
00003c51  udp_input                      
00003ee9  ip_input                       
00004401  PinoutSet                      
0000466d  f_read                         
000048c1  tcp_output                     
00004f69  f_open                         
00005181  pbuf_alloc                     
00005391  disk_ioctl                     
00005599  SysCtlClockFreqSet             
00005995  main                           
00005b89  icmp_input                     
00005f41  etharp_query                   
000062c5  put_fat                        
0000663d  InitDMADescriptors             
000067ed  disk_initialize                
00006999  etharp_output                  
00006b41  mem_trim                       
00006cdd  CFAF128128B0145T_line          
00006e75  mem_malloc                     
0000717d  tcp_enqueue_flags              
00007465  CFAF128128B0145T__fastFill     
000075c1  autoip_tmr                     
00007b1d  WriteDisplay                   
00007d8d  fs_open                        
00007ec5  DisplayIPnMACAddress           
00007ff9  GPIOPadConfigSet               
0000812b  netif_init                     
00008259  OPT3001ReadData                
000084a9  tcp_alloc                      
000085d1  get_fat                        
000086f5  pbuf_copy                      
00008811  udp_sendto_if                  
00008b4d  CFAF128128B0145T__setWindow    
00008d5d  tcp_listen_with_backlog        
00008f69  etharp_raw                     
0000906d  memp_init                      
00009373  __aeabi_idiv0                  
00009373  __aeabi_ldiv0                  
00009473  stats_init                     
00009475  dhcp_start                     
0000966d  ethernet_input                 
00009769  f_sync                         
00009865  __aeabi_dmul                   
00009961  lwIPInit                       
00009a51  ip_output_if                   
00009b3d  dhcp_release                   
00009c25  gen_numname                    
00009d0d  pbuf_copy_partial              
00009edd  disk_write                     
0000a0a5  pbuf_header                    
0000a181  tcp_bind                       
0000a339  tcp_zero_window_probe          
0000a4e5  sys_timeout                    
0000a755  InitOPT3001                    
0000a81d  lwIPHostTimerHandler           
0000a8e1  etharp_tmr                     
0000aa61  netif_set_ipaddr               
0000ab21  udp_bind                       
0000ae19  tcp_abandon                    
0000aed5  tcp_process_refused_data       
0000b049  pbuf_realloc                   
0000b0ff  tcp_init                       
0000b101  OPT3001CheckConv               
0000b269  disk_read                      
0000b31d  raw_input                      
0000b485  dhcp_renew                     
0000b747  autoip_arp_reply               
0000b7f3  udp_init                       
0000bb49  memp_malloc                    
0000bbf1  pbuf_free                      
0000be91  LocatorInit                    
0000c071  inet_chksum_pbuf               
0000c111  tcp_pcb_remove                 
0000c1b1  tivaif_process_phy_interrupt   
0000c2f1  CFAF128128B0145T_rectangle     
0000c38d  __aeabi_memcpy                 
0000c38d  __aeabi_memcpy4                
0000c38d  __aeabi_memcpy8                
0000c38d  memcpy                         
0000c4c5  tcp_rst                        
0000c55d  autoip_start                   
0000c685  tcp_rexmit_fast                
0000c715  lwIPEthernetIntHandler         
0000c7a1  udp_connect                    
0000c8b5  mem_free                       
0000c93d  tcp_fasttmr                    
0000c9c5  ip_route                       
0000cacd  netif_add                      
0000cbd5  fs_read                        
0000cdd5  mem_init                       
0000ce51  tcp_rexmit                     
0000cecd  __aeabi_memclr                 
0000cecd  __aeabi_memclr4                
0000cecd  __aeabi_memclr8                
0000cecf  __aeabi_memset                 
0000cecf  __aeabi_memset4                
0000cecf  __aeabi_memset8                
0000ced5  memset                         
0000cfc1  EMACInit                       
0000d129  tcp_update_rcv_ann_wnd         
0000d1a1  UARTStdioConfig                
0000d36d  __aeabi_d2f                    
0000d449  ip4_addr_isbroadcast           
0000d521  tcp_pcb_purge                  
0000d58d  IntEnable                      
0000d5f5  __TI_decompress_lzss           
0000d6c5  CFAF128128B0145T_point         
0000d72b  tcp_send_empty_ack             
0000d791  etharp_cleanup_netif           
0000d859  convertINTtoCHAR               
0000d8bb  dhcp_network_changed           
0000d91d  CFAF128128B0145T_setOrientation
0000d97d  TimerConfigure                 
0000dafd  ustrncmp                       
0000dbbd  UARTwrite                      
0000dc75  tcp_send_fin                   
0000dcd1  CFAF128128B0145T__writeData16  
0000dd29  EMACPHYConfigSet               
0000dd81  tcp_keepalive                  
0000ddd9  tivaif_interrupt               
0000de31  udp_remove                     
0000de89  reverse                        
0000dee1  CFAF128128B0145T__writeData88  
0000df35  LocatorAppTitleSet             
0000df89  LocatorMACAddrSet              
0000dfdd  dhcp_fine_tmr                  
0000e031  disk_timerproc                 
0000e085  memp_free                      
0000e0d9  netif_set_link_up              
0000e1d3  dhcp_stop                      
0000e225  CFAF128128B0145T_clear         
0000e275  SysCtlPeripheralReset          
0000e2c5  dhcp_coarse_tmr                
0000e315  sys_timeouts_init              
0000e365  tcp_rexmit_rto                 
0000e3b5  I2CMasterInitExpClk            
0000e401  InitTimer0Int                  
0000e44d  f_mount                        
0000e499  ip_output                      
0000e4e5  GPIOPinConfigure               
0000e52d  InitTimer1Int                  
0000e64d  tcp_recved                     
0000e695  pbuf_cat                       
0000e6dd  __TI_auto_init_nobinit_nopinit 
0000e7a9  tcp_eff_send_mss               
0000e7ed  tivaif_init                    
0000e831  udp_sendto                     
0000e8f9  __aeabi_uidiv                  
0000e8f9  __aeabi_uidivmod               
0000e977  SSIConfigSetExpClk             
0000eae1  netif_set_up                   
0000eb59  EMACIntEnable                  
0000ec41  tcp_recv_null                  
0000ec7d  CFAF128128B0145T__writeCommand 
0000ecb5  CFAF128128B0145T__writeData    
0000eced  EMACConfigSet                  
0000ed25  SysCtlPeripheralReady          
0000ed5d  _c_int00_noargs                
0000ee05  etharp_request                 
0000ee3d  ff_wtoupper                    
0000eead  __aeabi_f2d                    
0000eee5  tcp_timer_needed               
0000ef55  CFAF128128B0145T__writeData8888
0000ef89  EMACConfigGet                  
0000efbd  EMACIntClear                   
0000eff1  SysCtlPeripheralEnable         
0000f025  strstr                         
0000f08b  clust2sect                     
0000f0bb  dhcp_arp_reply                 
0000f1d9  netif_set_down                 
0000f207  pbuf_clen                      
0000f235  __aeabi_i2d                    
0000f265  CFAF128128B0145T__setCS        
0000f291  CFAF128128B0145T__setRS        
0000f2bd  CFAF128128B0145T__setRST       
0000f2e9  EMACIntStatus                  
0000f315  lwip_htonl                     
0000f36d  strncmp                        
0000f399  GPIODirModeSet                 
0000f417  fs_bytes_left                  
0000f441  netif_set_addr                 
0000f46b  tcp_seg_copy                   
0000f4bd  lwIPTimer                      
0000f4e5  EMACPHYRead                    
0000f50b  EMACPHYWrite                   
0000f531  CFAF128128B0145T__swapINT16    
0000f555  IntPrioritySet                 
0000f579  UARTprintf                     
0000f5e5  lwip_htons                     
0000f609  memcmp                         
0000f62d  fs_close                       
0000f671  netif_set_link_down            
0000f693  pbuf_ref                       
0000f6b5  tcp_poll                       
0000f6d7  udp_new                        
0000f6f9  CFAF128128B0145T__delay        
0000f739  autoip_network_changed         
0000f759  disk_status                    
0000f779  f_close                        
0000f799  lwip_init                      
0000f7d9  tcp_close                      
0000f7f9  tcp_seg_free                   
0000f819  tcp_segs_free                  
0000f839  tcp_tmr                        
0000f859  EMACAddrGet                    
0000f877  ff_convert                     
0000f895  strcat                         
0000f8b3  CFAF128128B0145T__writeRegister
0000f8ed  ReadDataIntHandler             
0000f979  lwIPLocalIPAddrGet             
0000f995  netif_set_default              
0000f9b1  netif_set_gw                   
0000f9cd  netif_set_netmask              
0000f9e9  sys_arch_unprotect             
0000fa05  tcp_next_iss                   
0000fa21  udp_recv                       
0000fa3d  CFAF128128B0145T_setFontSolid  
0000fa55  CFAF128128B0145T_setPenSolid   
0000fa6d  GPIOPinTypeGPIOOutput          
0000fab5  inet_chksum                    
0000facd  strcmp                         
0000fae5  EMACReset                      
0000fafb  EMACRxEnable                   
0000fb11  EMACTxEnable                   
0000fb3d  autoip_stop                    
0000fb53  icmp_dest_unreach              
0000fb69  pbuf_chain                     
0000fb7f  strchr                         
0000fb95  tcp_setprio                    
0000fbad  FlashUserGet                   
0000fbc1  SysTickEnable                  
0000fbd5  SysTickIntEnable               
0000fbe9  SysTickIntHandler              
0000fbfd  strcpy                         
0000fc11  strlen                         
0000fc39  tcp_err                        
0000fc4d  tcp_recv                       
0000fc61  GPIOPinTypeEthernetLED         
0000fc73  GPIOPinTypeI2C                 
0000fc85  GPIOPinTypeI2CSCL              
0000fc97  GPIOPinTypeSSI                 
0000fca9  SSIDataGetNonBlocking          
0000fcbb  TimerLoadSet                   
0000fccd  tcp_accept                     
0000fcdf  tcp_arg                        
0000fcf1  tcp_sent                       
0000fd05  EMACFrameFilterSet             
0000fd15  IntMasterEnable                
0000fd25  SysTickPeriodSet               
0000fd35  fs_init                        
0000fd45  httpd_init                     
0000fd55  lwip_ntohs                     
0000fd65  sys_arch_protect               
0000fd75  TimerEnable                    
0000fd83  __TI_decompress_none           
0000fd9f  tcp_abort                      
0000fdad  CPUcpsie                       
0000fdb9  SysCtlMOSCConfigSet            
0000fdd1  __TI_zero_init                 
0000fddd  lwip_ntohl                     
0000fdf5  sys_now                        
0000fe01  I2CMasterEnable                
0000fe0b  SSIDataPut                     
0000fe15  SSIDisable                     
0000fe1f  SSIEnable                      
0000fe29  tcp_new                        
0000fe33  EMACPowerManagementStatusGet   
0000fe3b  EMACTxDMAPollDemand            
0000fe43  I2CMasterBusy                  
0000fe4b  I2CMasterSlaveAddrSet          
0000fe53  SSIBusy                        
0000fe5b  TimerIntEnable                 
0000fe65  get_fattime                    
0000fe6d  EMACRxDMADescriptorListSet     
0000fe73  EMACTimestampIntStatus         
0000fe79  EMACTxDMADescriptorListSet     
0000fe7f  GPIOPinRead                    
0000fe85  GPIOPinWrite                   
0000fe8b  ResetISR                       
0000fe91  SysCtlDelay                    
0000fe97  I2CMasterControl               
0000fe9b  I2CMasterDataGet               
0000fe9f  I2CMasterDataPut               
0000fea3  TimerIntClear                  
0000fea7  _system_pre_init               
0000feab  C$$EXIT                        
0000feab  abort                          
00010d5c  g_psDefaultFilenames           
00010dd0  tcp_pcb_lists                  
00010ded  tcp_backoff                    
00010e1c  tcp_persist_backoff            
00010e23  ethbroadcast                   
00010e29  ethzero                        
00010e30  ip_addr_any                    
00010e34  ip_addr_broadcast              
00010e78  __TI_Handler_Table_Base        
00010e84  __TI_Handler_Table_Limit       
00010e90  __TI_CINIT_Base                
00010ea0  __TI_CINIT_Limit               
20000000  ram_heap                       
200172f0  g_pTxDescriptors               
20017a84  g_pRxDescriptors               
20017ba4  lwip_stats                     
20017e68  dhcp_rx_options_val            
20017ec0  dhcp_rx_options_given          
20017ed8  CFAF128128B0145T__csPort       
20017edc  CFAF128128B0145T__rsPort       
20017ee0  CFAF128128B0145T__rstPort      
20017ee4  CFAF128128B0145T__spiClock     
20017ee8  CFAF128128B0145T__spiDevice    
20017eec  CFAF128128B0145T__sysClock     
20017ef0  current_header                 
20017ef4  current_iphdr_dest             
20017ef8  current_iphdr_src              
20017efc  current_netif                  
20017f00  g_pfnTimerHandler              
20017f04  g_ui32AbnormalInts             
20017f08  g_ui32IPAddress                
20017f0c  g_ui32NormalInts               
20017f10  g_ui32SysClock                 
20017f14  netif_default                  
20017f18  netif_list                     
20017f1c  tcp_active_pcbs                
20017f20  tcp_bound_pcbs                 
20017f24  tcp_input_pcb                  
20017f28  tcp_listen_pcbs                
20017f2c  tcp_ticks                      
20017f30  tcp_tmp_pcb                    
20017f34  tcp_tw_pcbs                    
20017f38  udp_pcbs                       
20017f3c  ui32User0                      
20017f40  ui32User1                      
20017f47  CFAF128128B0145T__boosterPack  
20017f4a  CFAF128128B0145T__csPin        
20017f4b  CFAF128128B0145T__fontSolid    
20017f4c  CFAF128128B0145T__orientation  
20017f4d  CFAF128128B0145T__penSolid     
20017f4e  CFAF128128B0145T__rsPin        
20017f4f  CFAF128128B0145T__rstPin       
20017f50  g_bLED                         
20017f51  pbuf_free_ooseq_pending        
20017f52  tcp_active_pcbs_changed        
20017f58  __stack                        
20018758  __STACK_END                    
20018758  __STACK_TOP                    
2001875c  g_ui32LocalTimer               
20018790  g_RxDescList                   
200187a0  g_TxDescList                   
200187c4  ui32_LUXMeasData               
200187c8  g_i16_yhigh                    
200187ca  g_ui8_getLightSensData         
ffffffff  __TI_pprof_out_hndl            
ffffffff  __TI_prof_data_size            
ffffffff  __TI_prof_data_start           
ffffffff  __binit__                      
ffffffff  __c_args__                     
ffffffff  binit                          
UNDEFED   __mpu_init                     
UNDEFED   _system_post_cinit             

[368 symbols]
